{
    "harmonization - full workflow test": {
        "content": [
            [
                "versions.yml:md5,0bc452ade67f220a77a43ca3a41fcfbc",
                "versions.yml:md5,efc40b5dcb7c17184e90bc63adc5d852"
            ]
        ],
        "meta": {
            "nf-test": "0.9.3",
            "nextflow": "25.10.2"
        },
        "timestamp": "2026-01-15T12:26:24.993242106"
    }
}